gradient() will perform analytic gradient computation.

*** tstart() called on login-s4.pace.gatech.edu
*** at Mon Jan 28 17:47:39 2019

   => Loading Basis Set <=

    Name: AUG-CC-PVTZ
    Role: ORBITAL
    Keyword: BASIS
    atoms 1   entry O          line   313 file /nv/hp22/amedford6/medford-shared/builds/psi4/1.1rc1/gcc-5.3.0+openmpi-1.8+mkl-11.2/psi4-1.1rc1/install/share/psi4/basis/aug-cc-pvtz.gbs 
    atoms 2-3 entry H          line    34 file /nv/hp22/amedford6/medford-shared/builds/psi4/1.1rc1/gcc-5.3.0+openmpi-1.8+mkl-11.2/psi4-1.1rc1/install/share/psi4/basis/aug-cc-pvtz.gbs 

    There are an even number of electrons - assuming singlet.
    Specify the multiplicity in the molecule input block.


         ---------------------------------------------------------
                                   SCF
            by Justin Turney, Rob Parrish, and Andy Simmonett
                              RHF Reference
                        1 Threads,    500 MiB Core
         ---------------------------------------------------------

  ==> Geometry <==

    Molecular point group: c1
    Full point group: C2v

    Geometry (in Angstrom), charge = 0, multiplicity = 1:

       Center              X                  Y                   Z               Mass       
    ------------   -----------------  -----------------  -----------------  -----------------
           O          0.000000000000     0.000000000000     0.077927333493    15.994914619560
           H          0.000000000000     0.763239000000    -0.618381666507     1.007825032070
           H          0.000000000000    -0.763239000000    -0.618381666507     1.007825032070

  Running in c1 symmetry.

  Rotational constants: A =     19.42329  B =     14.35689  C =      8.25508 [cm^-1]
  Rotational constants: A = 582295.51543  B = 430408.61114  C = 247480.97445 [MHz]
  Nuclear repulsion =    8.541903727075496

  Charge       = 0
  Multiplicity = 1
  Electrons    = 10
  Nalpha       = 5
  Nbeta        = 5

  ==> Algorithm <==

  SCF Algorithm Type is DF.
  DIIS enabled.
  MOM disabled.
  Fractional occupation disabled.
  Guess Type is SAD.
  Energy threshold   = 1.00e-08
  Density threshold  = 1.00e-08
  Integral threshold = 0.00e+00

  ==> Primary Basis <==

  Basis Set: AUG-CC-PVTZ
    Blend: AUG-CC-PVTZ
    Number of shells: 32
    Number of basis function: 92
    Number of Cartesian functions: 105
    Spherical Harmonics?: true
    Max angular momentum: 3

   => Loading Basis Set <=

    Name: (AUG-CC-PVTZ AUX)
    Role: JKFIT
    Keyword: DF_BASIS_SCF
    atoms 1   entry O          line   285 file /nv/hp22/amedford6/medford-shared/builds/psi4/1.1rc1/gcc-5.3.0+openmpi-1.8+mkl-11.2/psi4-1.1rc1/install/share/psi4/basis/aug-cc-pvtz-jkfit.gbs 
    atoms 2-3 entry H          line    69 file /nv/hp22/amedford6/medford-shared/builds/psi4/1.1rc1/gcc-5.3.0+openmpi-1.8+mkl-11.2/psi4-1.1rc1/install/share/psi4/basis/aug-cc-pvtz-jkfit.gbs 

  ==> Pre-Iterations <==

   -------------------------------------------------------
    Irrep   Nso     Nmo     Nalpha   Nbeta   Ndocc  Nsocc
   -------------------------------------------------------
     A         92      92       0       0       0       0
   -------------------------------------------------------
    Total      92      92       5       5       5       0
   -------------------------------------------------------

  ==> Integral Setup <==

  ==> DFJK: Density-Fitted J/K Matrices <==

    J tasked:                  Yes
    K tasked:                  Yes
    wK tasked:                  No
    OpenMP threads:              1
    Integrals threads:           1
    Memory (MB):               375
    Algorithm:                Core
    Integral Cache:           NONE
    Schwarz Cutoff:          1E-12
    Fitting Condition:       1E-12

   => Auxiliary Basis Set <=

  Basis Set: (AUG-CC-PVTZ AUX)
    Blend: AUG-CC-PVTZ-JKFIT
    Number of shells: 58
    Number of basis function: 196
    Number of Cartesian functions: 241
    Spherical Harmonics?: true
    Max angular momentum: 4

  Minimum eigenvalue in the overlap matrix is 4.7060560917E-04.
  Using Symmetric Orthogonalization.

  SCF Guess: Superposition of Atomic Densities via on-the-fly atomic UHF.

  ==> Iterations <==

                           Total Energy        Delta E     RMS |[F,P]|

   @DF-RHF iter   0:   -75.88548914739361   -7.58855e+01   1.62840e-02 
   @DF-RHF iter   1:   -76.00822191675334   -1.22733e-01   3.03453e-03 
   @DF-RHF iter   2:   -76.03325421220097   -2.50323e-02   1.90219e-03 DIIS
   @DF-RHF iter   3:   -76.04342439075366   -1.01702e-02   3.09073e-04 DIIS
   @DF-RHF iter   4:   -76.04416283472412   -7.38444e-04   1.14110e-04 DIIS
   @DF-RHF iter   5:   -76.04434853784549   -1.85703e-04   3.24794e-05 DIIS
   @DF-RHF iter   6:   -76.04436728947722   -1.87516e-05   5.85241e-06 DIIS
   @DF-RHF iter   7:   -76.04436782050010   -5.31023e-07   1.12173e-06 DIIS
   @DF-RHF iter   8:   -76.04436783892571   -1.84256e-08   2.46464e-07 DIIS
   @DF-RHF iter   9:   -76.04436783987519   -9.49484e-10   4.16643e-08 DIIS
   @DF-RHF iter  10:   -76.04436783989554   -2.03499e-11   8.58939e-09 DIIS

  ==> Post-Iterations <==

    Orbital Energies (a.u.)
    -----------------------

    Doubly Occupied:                                                      

       1A    -20.584123     2A     -1.323873     3A     -0.661994  
       4A     -0.587817     5A     -0.507735  

    Virtual:                                                              

       6A      0.027701     7A      0.047963     8A      0.133639  
       9A      0.163287    10A      0.174183    11A      0.184802  
      12A      0.216392    13A      0.243137    14A      0.268702  
      15A      0.287931    16A      0.303311    17A      0.364058  
      18A      0.422177    19A      0.447585    20A      0.591252  
      21A      0.662219    22A      0.696146    23A      0.731968  
      24A      0.732590    25A      0.817451    26A      0.851051  
      27A      0.894906    28A      0.909643    29A      0.915000  
      30A      0.918108    31A      0.930054    32A      0.939673  
      33A      0.996032    34A      1.022644    35A      1.066351  
      36A      1.090549    37A      1.166860    38A      1.174702  
      39A      1.291081    40A      1.469709    41A      1.481775  
      42A      1.522685    43A      1.822590    44A      1.847810  
      45A      1.885909    46A      2.064185    47A      2.258756  
      48A      2.300250    49A      2.323478    50A      2.406210  
      51A      2.416666    52A      2.438101    53A      2.546248  
      54A      2.690812    55A      2.703143    56A      2.756119  
      57A      2.756469    58A      2.843154    59A      3.537914  
      60A      3.565588    61A      4.003863    62A      4.012612  
      63A      4.021317    64A      4.144428    65A      4.186186  
      66A      4.326648    67A      4.339855    68A      4.366467  
      69A      4.453913    70A      4.642152    71A      4.686759  
      72A      4.938688    73A      5.009713    74A      5.045682  
      75A      5.232955    76A      5.331276    77A      5.436534  
      78A      6.217093    79A      6.473105    80A      6.685949  
      81A      6.863750    82A      7.010027    83A      7.020766  
      84A      7.153144    85A      7.264227    86A      7.335408  
      87A      7.348923    88A      7.372033    89A      7.733834  
      90A      7.828360    91A      8.475589    92A     13.766182  

    Final Occupation by Irrep:
              A 
    DOCC [     5 ]

  Energy converged.

  @DF-RHF Final Energy:   -76.04436783989554

   => Energetics <=

    Nuclear Repulsion Energy =              8.5419037270754963
    One-Electron Energy =                -121.8414622356027479
    Two-Electron Energy =                  37.2551906686317054
    DFT Exchange-Correlation Energy =       0.0000000000000000
    Empirical Dispersion Energy =           0.0000000000000000
    PCM Polarization Energy =               0.0000000000000000
    EFP Energy =                            0.0000000000000000
    Total Energy =                        -76.0443678398955569

    Alert: EFP and PCM quantities not currently incorporated into SCF psivars.

Properties will be evaluated at   0.000000,   0.000000,   0.000000 Bohr

Properties computed using the SCF density matrix

  Nuclear Dipole Moment: (a.u.)
     X:     0.0000      Y:     0.0000      Z:    -1.1591

  Electronic Dipole Moment: (a.u.)
     X:    -0.0000      Y:     0.0000      Z:     0.2954

  Dipole Moment: (a.u.)
     X:    -0.0000      Y:     0.0000      Z:    -0.8636     Total:     0.8636

  Dipole Moment: (Debye)
     X:    -0.0000      Y:     0.0000      Z:    -2.1952     Total:     2.1952


*** tstop() called on login-s4.pace.gatech.edu at Mon Jan 28 17:47:40 2019
Module time:
	user time   =       0.44 seconds =       0.01 minutes
	system time =       0.02 seconds =       0.00 minutes
	total time  =          1 seconds =       0.02 minutes
Total time:
	user time   =       0.44 seconds =       0.01 minutes
	system time =       0.02 seconds =       0.00 minutes
	total time  =          1 seconds =       0.02 minutes

*** tstart() called on login-s4.pace.gatech.edu
*** at Mon Jan 28 17:47:40 2019


         ------------------------------------------------------------
                                   SCF GRAD                          
                          Rob Parrish, Justin Turney,                
                       Andy Simmonett, and Alex Sokolov              
         ------------------------------------------------------------

  ==> Geometry <==

    Molecular point group: c1
    Full point group: C2v

    Geometry (in Angstrom), charge = 0, multiplicity = 1:

       Center              X                  Y                   Z               Mass       
    ------------   -----------------  -----------------  -----------------  -----------------
           O          0.000000000000     0.000000000000     0.077927333493    15.994914619560
           H          0.000000000000     0.763239000000    -0.618381666507     1.007825032070
           H          0.000000000000    -0.763239000000    -0.618381666507     1.007825032070

  Nuclear repulsion =    8.541903727075496

  ==> Basis Set <==

  Basis Set: AUG-CC-PVTZ
    Blend: AUG-CC-PVTZ
    Number of shells: 32
    Number of basis function: 92
    Number of Cartesian functions: 105
    Spherical Harmonics?: true
    Max angular momentum: 3

  ==> DFJKGrad: Density-Fitted SCF Gradients <==

    Gradient:                    1
    J tasked:                  Yes
    K tasked:                  Yes
    wK tasked:                  No
    OpenMP threads:              1
    Integrals threads:           1
    Memory (MB):               375
    Schwarz Cutoff:          0E+00
    Fitting Condition:       1E-12

   => Auxiliary Basis Set <=

  Basis Set: (AUG-CC-PVTZ AUX)
    Blend: AUG-CC-PVTZ-JKFIT
    Number of shells: 58
    Number of basis function: 196
    Number of Cartesian functions: 241
    Spherical Harmonics?: true
    Max angular momentum: 4


  -Total Gradient:
     Atom            X                  Y                   Z
    ------   -----------------  -----------------  -----------------
       1        0.000000008731    -0.000000013459     0.119460217900
       2       -0.000000017180     0.046886041365    -0.059730117987
       3        0.000000008449    -0.046886027906    -0.059730099912


*** tstop() called on login-s4.pace.gatech.edu at Mon Jan 28 17:47:41 2019
Module time:
	user time   =       0.42 seconds =       0.01 minutes
	system time =       0.03 seconds =       0.00 minutes
	total time  =          1 seconds =       0.02 minutes
Total time:
	user time   =       0.86 seconds =       0.01 minutes
	system time =       0.05 seconds =       0.00 minutes
	total time  =          2 seconds =       0.03 minutes
